Copyright 1986-2020 Xilinx, Inc. All Rights Reserved.
---------------------------------------------------------------------------------------------------------------------------
| Tool Version : Vivado v.2020.2 (lin64) Build 3064766 Wed Nov 18 09:12:47 MST 2020
| Date         : Wed Mar 26 16:15:21 2025
| Host         : playmaker-MZ32-AR0-00 running 64-bit Ubuntu 22.04.5 LTS
| Command      : report_drc -file Monkey_X_NIC_drc_opted.rpt -pb Monkey_X_NIC_drc_opted.pb -rpx Monkey_X_NIC_drc_opted.rpx
| Design       : Monkey_X_NIC
| Device       : xcu200-fsgd2104-2-e
| Speed File   : -2
| Design State : Synthesized
---------------------------------------------------------------------------------------------------------------------------

Report DRC

Table of Contents
-----------------
1. REPORT SUMMARY
2. REPORT DETAILS

1. REPORT SUMMARY
-----------------
            Netlist: netlist
          Floorplan: design_1
      Design limits: <entire design considered>
           Ruledeck: default
             Max violations: <unlimited>
             Violations found: 158
+-----------+----------+---------------------------------------------------+------------+
| Rule      | Severity | Description                                       | Violations |
+-----------+----------+---------------------------------------------------+------------+
| REQP-1774 | Warning  | RAMB36E2_WRITE_WIDTH_A_18_doesnt_use_WEA32        | 2          |
| REQP-1776 | Warning  | RAMB36E2_WRITE_WIDTH_B_18_doesnt_use_WEB72        | 2          |
| REQP-1869 | Warning  | URAM288_CASCADE_ORDER_FIRST-NONE_tie_CAS_IN_X_low | 132        |
| REQP-1858 | Advisory | RAMB36E2_writefirst_collision_advisory            | 22         |
+-----------+----------+---------------------------------------------------+------------+

2. REPORT DETAILS
-----------------
REQP-1774#1 Warning
RAMB36E2_WRITE_WIDTH_A_18_doesnt_use_WEA32  
The RAMB36E2 cell cms.cms_inst/cms_i/cms_subsystem_0/inst/shell_cmc_subsystem/inst/reg_map_bram/U0/inst_blk_mem_gen/gnbram.gnative_mem_map_bmg.native_mem_map_blk_mem_gen/valid.cstr/ramloop[0].ram.r/prim_noinit.ram/DEVICE_8SERIES.WITH_BMM_INFO.TRUE_DP.SIMPLE_PRIM36.SERIES8_TDP_SP36_NO_ECC_ATTR.ram has WRITE_WIDTH_A set to 18. The WEA[3:2] pins should not be connected to active signal.
Related violations: <none>

REQP-1774#2 Warning
RAMB36E2_WRITE_WIDTH_A_18_doesnt_use_WEA32  
The RAMB36E2 cell cms.cms_inst/cms_i/cms_subsystem_0/inst/shell_cmc_subsystem/inst/reg_map_bram/U0/inst_blk_mem_gen/gnbram.gnative_mem_map_bmg.native_mem_map_blk_mem_gen/valid.cstr/ramloop[1].ram.r/prim_noinit.ram/DEVICE_8SERIES.WITH_BMM_INFO.TRUE_DP.SIMPLE_PRIM36.SERIES8_TDP_SP36_NO_ECC_ATTR.ram has WRITE_WIDTH_A set to 18. The WEA[3:2] pins should not be connected to active signal.
Related violations: <none>

REQP-1776#1 Warning
RAMB36E2_WRITE_WIDTH_B_18_doesnt_use_WEB72  
The RAMB36E2 cell cms.cms_inst/cms_i/cms_subsystem_0/inst/shell_cmc_subsystem/inst/reg_map_bram/U0/inst_blk_mem_gen/gnbram.gnative_mem_map_bmg.native_mem_map_blk_mem_gen/valid.cstr/ramloop[0].ram.r/prim_noinit.ram/DEVICE_8SERIES.WITH_BMM_INFO.TRUE_DP.SIMPLE_PRIM36.SERIES8_TDP_SP36_NO_ECC_ATTR.ram has WRITE_WIDTH_B set to 18. The WEBWE[7:2] pins should not be connected to active signal.
Related violations: <none>

REQP-1776#2 Warning
RAMB36E2_WRITE_WIDTH_B_18_doesnt_use_WEB72  
The RAMB36E2 cell cms.cms_inst/cms_i/cms_subsystem_0/inst/shell_cmc_subsystem/inst/reg_map_bram/U0/inst_blk_mem_gen/gnbram.gnative_mem_map_bmg.native_mem_map_blk_mem_gen/valid.cstr/ramloop[1].ram.r/prim_noinit.ram/DEVICE_8SERIES.WITH_BMM_INFO.TRUE_DP.SIMPLE_PRIM36.SERIES8_TDP_SP36_NO_ECC_ATTR.ram has WRITE_WIDTH_B set to 18. The WEBWE[7:2] pins should not be connected to active signal.
Related violations: <none>

REQP-1869#1 Warning
URAM288_CASCADE_ORDER_FIRST-NONE_tie_CAS_IN_X_low  
URAM288 core_inst/core_inst/core_pcie_inst/core_inst/iface[0].interface_inst/rx_fifo_inst/fifo[0].fifo_inst/fifo_inst/mem_reg_uram_0 has CASCADE_ORDER_A (NONE) set to FIRST or NONE, the CAS_IN_ADDR_A[22:0] bus pins should be tied LOW.
Related violations: <none>

REQP-1869#2 Warning
URAM288_CASCADE_ORDER_FIRST-NONE_tie_CAS_IN_X_low  
URAM288 core_inst/core_inst/core_pcie_inst/core_inst/iface[0].interface_inst/rx_fifo_inst/fifo[0].fifo_inst/fifo_inst/mem_reg_uram_0 has CASCADE_ORDER_A (NONE) set to FIRST or NONE, the CAS_IN_BWE_A[8:0] bus pins should be tied LOW.
Related violations: <none>

REQP-1869#3 Warning
URAM288_CASCADE_ORDER_FIRST-NONE_tie_CAS_IN_X_low  
URAM288 core_inst/core_inst/core_pcie_inst/core_inst/iface[0].interface_inst/rx_fifo_inst/fifo[0].fifo_inst/fifo_inst/mem_reg_uram_0 has CASCADE_ORDER_A (NONE) set to FIRST or NONE, the CAS_IN_DIN_A[71:0] bus pins should be tied LOW.
Related violations: <none>

REQP-1869#4 Warning
URAM288_CASCADE_ORDER_FIRST-NONE_tie_CAS_IN_X_low  
URAM288 core_inst/core_inst/core_pcie_inst/core_inst/iface[0].interface_inst/rx_fifo_inst/fifo[0].fifo_inst/fifo_inst/mem_reg_uram_0 has CASCADE_ORDER_A (NONE) set to FIRST or NONE, the CAS_IN_DOUT_A[71:0] bus pins should be tied LOW.
Related violations: <none>

REQP-1869#5 Warning
URAM288_CASCADE_ORDER_FIRST-NONE_tie_CAS_IN_X_low  
URAM288 core_inst/core_inst/core_pcie_inst/core_inst/iface[0].interface_inst/rx_fifo_inst/fifo[0].fifo_inst/fifo_inst/mem_reg_uram_0 has CASCADE_ORDER_A (NONE) set to FIRST or NONE, the CAS_IN_RDACCESS_A pin should be tied LOW.
Related violations: <none>

REQP-1869#6 Warning
URAM288_CASCADE_ORDER_FIRST-NONE_tie_CAS_IN_X_low  
URAM288 core_inst/core_inst/core_pcie_inst/core_inst/iface[0].interface_inst/rx_fifo_inst/fifo[0].fifo_inst/fifo_inst/mem_reg_uram_0 has CASCADE_ORDER_A (NONE) set to FIRST or NONE, the CAS_IN_RDB_WR_A pin should be tied LOW.
Related violations: <none>

REQP-1869#7 Warning
URAM288_CASCADE_ORDER_FIRST-NONE_tie_CAS_IN_X_low  
URAM288 core_inst/core_inst/core_pcie_inst/core_inst/iface[0].interface_inst/rx_fifo_inst/fifo[0].fifo_inst/fifo_inst/mem_reg_uram_0 has CASCADE_ORDER_B (NONE) set to FIRST or NONE, the CAS_IN_ADDR_B[22:0] bus pins should be tied LOW.
Related violations: <none>

REQP-1869#8 Warning
URAM288_CASCADE_ORDER_FIRST-NONE_tie_CAS_IN_X_low  
URAM288 core_inst/core_inst/core_pcie_inst/core_inst/iface[0].interface_inst/rx_fifo_inst/fifo[0].fifo_inst/fifo_inst/mem_reg_uram_0 has CASCADE_ORDER_B (NONE) set to FIRST or NONE, the CAS_IN_BWE_B[8:0] bus pins should be tied LOW.
Related violations: <none>

REQP-1869#9 Warning
URAM288_CASCADE_ORDER_FIRST-NONE_tie_CAS_IN_X_low  
URAM288 core_inst/core_inst/core_pcie_inst/core_inst/iface[0].interface_inst/rx_fifo_inst/fifo[0].fifo_inst/fifo_inst/mem_reg_uram_0 has CASCADE_ORDER_B (NONE) set to FIRST or NONE, the CAS_IN_DIN_B[71:0] bus pins should be tied LOW.
Related violations: <none>

REQP-1869#10 Warning
URAM288_CASCADE_ORDER_FIRST-NONE_tie_CAS_IN_X_low  
URAM288 core_inst/core_inst/core_pcie_inst/core_inst/iface[0].interface_inst/rx_fifo_inst/fifo[0].fifo_inst/fifo_inst/mem_reg_uram_0 has CASCADE_ORDER_B (NONE) set to FIRST or NONE, the CAS_IN_DOUT_B[71:0] bus pins should be tied LOW.
Related violations: <none>

REQP-1869#11 Warning
URAM288_CASCADE_ORDER_FIRST-NONE_tie_CAS_IN_X_low  
URAM288 core_inst/core_inst/core_pcie_inst/core_inst/iface[0].interface_inst/rx_fifo_inst/fifo[0].fifo_inst/fifo_inst/mem_reg_uram_0 has CASCADE_ORDER_B (NONE) set to FIRST or NONE, the CAS_IN_RDACCESS_B pin should be tied LOW.
Related violations: <none>

REQP-1869#12 Warning
URAM288_CASCADE_ORDER_FIRST-NONE_tie_CAS_IN_X_low  
URAM288 core_inst/core_inst/core_pcie_inst/core_inst/iface[0].interface_inst/rx_fifo_inst/fifo[0].fifo_inst/fifo_inst/mem_reg_uram_0 has CASCADE_ORDER_B (NONE) set to FIRST or NONE, the CAS_IN_RDB_WR_B pin should be tied LOW.
Related violations: <none>

REQP-1869#13 Warning
URAM288_CASCADE_ORDER_FIRST-NONE_tie_CAS_IN_X_low  
URAM288 core_inst/core_inst/core_pcie_inst/core_inst/iface[0].interface_inst/rx_fifo_inst/fifo[0].fifo_inst/fifo_inst/mem_reg_uram_1 has CASCADE_ORDER_A (NONE) set to FIRST or NONE, the CAS_IN_ADDR_A[22:0] bus pins should be tied LOW.
Related violations: <none>

REQP-1869#14 Warning
URAM288_CASCADE_ORDER_FIRST-NONE_tie_CAS_IN_X_low  
URAM288 core_inst/core_inst/core_pcie_inst/core_inst/iface[0].interface_inst/rx_fifo_inst/fifo[0].fifo_inst/fifo_inst/mem_reg_uram_1 has CASCADE_ORDER_A (NONE) set to FIRST or NONE, the CAS_IN_BWE_A[8:0] bus pins should be tied LOW.
Related violations: <none>

REQP-1869#15 Warning
URAM288_CASCADE_ORDER_FIRST-NONE_tie_CAS_IN_X_low  
URAM288 core_inst/core_inst/core_pcie_inst/core_inst/iface[0].interface_inst/rx_fifo_inst/fifo[0].fifo_inst/fifo_inst/mem_reg_uram_1 has CASCADE_ORDER_A (NONE) set to FIRST or NONE, the CAS_IN_DIN_A[71:0] bus pins should be tied LOW.
Related violations: <none>

REQP-1869#16 Warning
URAM288_CASCADE_ORDER_FIRST-NONE_tie_CAS_IN_X_low  
URAM288 core_inst/core_inst/core_pcie_inst/core_inst/iface[0].interface_inst/rx_fifo_inst/fifo[0].fifo_inst/fifo_inst/mem_reg_uram_1 has CASCADE_ORDER_A (NONE) set to FIRST or NONE, the CAS_IN_DOUT_A[71:0] bus pins should be tied LOW.
Related violations: <none>

REQP-1869#17 Warning
URAM288_CASCADE_ORDER_FIRST-NONE_tie_CAS_IN_X_low  
URAM288 core_inst/core_inst/core_pcie_inst/core_inst/iface[0].interface_inst/rx_fifo_inst/fifo[0].fifo_inst/fifo_inst/mem_reg_uram_1 has CASCADE_ORDER_A (NONE) set to FIRST or NONE, the CAS_IN_RDACCESS_A pin should be tied LOW.
Related violations: <none>

REQP-1869#18 Warning
URAM288_CASCADE_ORDER_FIRST-NONE_tie_CAS_IN_X_low  
URAM288 core_inst/core_inst/core_pcie_inst/core_inst/iface[0].interface_inst/rx_fifo_inst/fifo[0].fifo_inst/fifo_inst/mem_reg_uram_1 has CASCADE_ORDER_A (NONE) set to FIRST or NONE, the CAS_IN_RDB_WR_A pin should be tied LOW.
Related violations: <none>

REQP-1869#19 Warning
URAM288_CASCADE_ORDER_FIRST-NONE_tie_CAS_IN_X_low  
URAM288 core_inst/core_inst/core_pcie_inst/core_inst/iface[0].interface_inst/rx_fifo_inst/fifo[0].fifo_inst/fifo_inst/mem_reg_uram_1 has CASCADE_ORDER_B (NONE) set to FIRST or NONE, the CAS_IN_ADDR_B[22:0] bus pins should be tied LOW.
Related violations: <none>

REQP-1869#20 Warning
URAM288_CASCADE_ORDER_FIRST-NONE_tie_CAS_IN_X_low  
URAM288 core_inst/core_inst/core_pcie_inst/core_inst/iface[0].interface_inst/rx_fifo_inst/fifo[0].fifo_inst/fifo_inst/mem_reg_uram_1 has CASCADE_ORDER_B (NONE) set to FIRST or NONE, the CAS_IN_BWE_B[8:0] bus pins should be tied LOW.
Related violations: <none>

REQP-1869#21 Warning
URAM288_CASCADE_ORDER_FIRST-NONE_tie_CAS_IN_X_low  
URAM288 core_inst/core_inst/core_pcie_inst/core_inst/iface[0].interface_inst/rx_fifo_inst/fifo[0].fifo_inst/fifo_inst/mem_reg_uram_1 has CASCADE_ORDER_B (NONE) set to FIRST or NONE, the CAS_IN_DIN_B[71:0] bus pins should be tied LOW.
Related violations: <none>

REQP-1869#22 Warning
URAM288_CASCADE_ORDER_FIRST-NONE_tie_CAS_IN_X_low  
URAM288 core_inst/core_inst/core_pcie_inst/core_inst/iface[0].interface_inst/rx_fifo_inst/fifo[0].fifo_inst/fifo_inst/mem_reg_uram_1 has CASCADE_ORDER_B (NONE) set to FIRST or NONE, the CAS_IN_DOUT_B[71:0] bus pins should be tied LOW.
Related violations: <none>

REQP-1869#23 Warning
URAM288_CASCADE_ORDER_FIRST-NONE_tie_CAS_IN_X_low  
URAM288 core_inst/core_inst/core_pcie_inst/core_inst/iface[0].interface_inst/rx_fifo_inst/fifo[0].fifo_inst/fifo_inst/mem_reg_uram_1 has CASCADE_ORDER_B (NONE) set to FIRST or NONE, the CAS_IN_RDACCESS_B pin should be tied LOW.
Related violations: <none>

REQP-1869#24 Warning
URAM288_CASCADE_ORDER_FIRST-NONE_tie_CAS_IN_X_low  
URAM288 core_inst/core_inst/core_pcie_inst/core_inst/iface[0].interface_inst/rx_fifo_inst/fifo[0].fifo_inst/fifo_inst/mem_reg_uram_1 has CASCADE_ORDER_B (NONE) set to FIRST or NONE, the CAS_IN_RDB_WR_B pin should be tied LOW.
Related violations: <none>

REQP-1869#25 Warning
URAM288_CASCADE_ORDER_FIRST-NONE_tie_CAS_IN_X_low  
URAM288 core_inst/core_inst/core_pcie_inst/core_inst/iface[0].interface_inst/rx_fifo_inst/fifo[0].fifo_inst/fifo_inst/mem_reg_uram_2 has CASCADE_ORDER_A (NONE) set to FIRST or NONE, the CAS_IN_ADDR_A[22:0] bus pins should be tied LOW.
Related violations: <none>

REQP-1869#26 Warning
URAM288_CASCADE_ORDER_FIRST-NONE_tie_CAS_IN_X_low  
URAM288 core_inst/core_inst/core_pcie_inst/core_inst/iface[0].interface_inst/rx_fifo_inst/fifo[0].fifo_inst/fifo_inst/mem_reg_uram_2 has CASCADE_ORDER_A (NONE) set to FIRST or NONE, the CAS_IN_BWE_A[8:0] bus pins should be tied LOW.
Related violations: <none>

REQP-1869#27 Warning
URAM288_CASCADE_ORDER_FIRST-NONE_tie_CAS_IN_X_low  
URAM288 core_inst/core_inst/core_pcie_inst/core_inst/iface[0].interface_inst/rx_fifo_inst/fifo[0].fifo_inst/fifo_inst/mem_reg_uram_2 has CASCADE_ORDER_A (NONE) set to FIRST or NONE, the CAS_IN_DIN_A[71:0] bus pins should be tied LOW.
Related violations: <none>

REQP-1869#28 Warning
URAM288_CASCADE_ORDER_FIRST-NONE_tie_CAS_IN_X_low  
URAM288 core_inst/core_inst/core_pcie_inst/core_inst/iface[0].interface_inst/rx_fifo_inst/fifo[0].fifo_inst/fifo_inst/mem_reg_uram_2 has CASCADE_ORDER_A (NONE) set to FIRST or NONE, the CAS_IN_DOUT_A[71:0] bus pins should be tied LOW.
Related violations: <none>

REQP-1869#29 Warning
URAM288_CASCADE_ORDER_FIRST-NONE_tie_CAS_IN_X_low  
URAM288 core_inst/core_inst/core_pcie_inst/core_inst/iface[0].interface_inst/rx_fifo_inst/fifo[0].fifo_inst/fifo_inst/mem_reg_uram_2 has CASCADE_ORDER_A (NONE) set to FIRST or NONE, the CAS_IN_RDACCESS_A pin should be tied LOW.
Related violations: <none>

REQP-1869#30 Warning
URAM288_CASCADE_ORDER_FIRST-NONE_tie_CAS_IN_X_low  
URAM288 core_inst/core_inst/core_pcie_inst/core_inst/iface[0].interface_inst/rx_fifo_inst/fifo[0].fifo_inst/fifo_inst/mem_reg_uram_2 has CASCADE_ORDER_A (NONE) set to FIRST or NONE, the CAS_IN_RDB_WR_A pin should be tied LOW.
Related violations: <none>

REQP-1869#31 Warning
URAM288_CASCADE_ORDER_FIRST-NONE_tie_CAS_IN_X_low  
URAM288 core_inst/core_inst/core_pcie_inst/core_inst/iface[0].interface_inst/rx_fifo_inst/fifo[0].fifo_inst/fifo_inst/mem_reg_uram_2 has CASCADE_ORDER_B (NONE) set to FIRST or NONE, the CAS_IN_ADDR_B[22:0] bus pins should be tied LOW.
Related violations: <none>

REQP-1869#32 Warning
URAM288_CASCADE_ORDER_FIRST-NONE_tie_CAS_IN_X_low  
URAM288 core_inst/core_inst/core_pcie_inst/core_inst/iface[0].interface_inst/rx_fifo_inst/fifo[0].fifo_inst/fifo_inst/mem_reg_uram_2 has CASCADE_ORDER_B (NONE) set to FIRST or NONE, the CAS_IN_BWE_B[8:0] bus pins should be tied LOW.
Related violations: <none>

REQP-1869#33 Warning
URAM288_CASCADE_ORDER_FIRST-NONE_tie_CAS_IN_X_low  
URAM288 core_inst/core_inst/core_pcie_inst/core_inst/iface[0].interface_inst/rx_fifo_inst/fifo[0].fifo_inst/fifo_inst/mem_reg_uram_2 has CASCADE_ORDER_B (NONE) set to FIRST or NONE, the CAS_IN_DIN_B[71:0] bus pins should be tied LOW.
Related violations: <none>

REQP-1869#34 Warning
URAM288_CASCADE_ORDER_FIRST-NONE_tie_CAS_IN_X_low  
URAM288 core_inst/core_inst/core_pcie_inst/core_inst/iface[0].interface_inst/rx_fifo_inst/fifo[0].fifo_inst/fifo_inst/mem_reg_uram_2 has CASCADE_ORDER_B (NONE) set to FIRST or NONE, the CAS_IN_DOUT_B[71:0] bus pins should be tied LOW.
Related violations: <none>

REQP-1869#35 Warning
URAM288_CASCADE_ORDER_FIRST-NONE_tie_CAS_IN_X_low  
URAM288 core_inst/core_inst/core_pcie_inst/core_inst/iface[0].interface_inst/rx_fifo_inst/fifo[0].fifo_inst/fifo_inst/mem_reg_uram_2 has CASCADE_ORDER_B (NONE) set to FIRST or NONE, the CAS_IN_RDACCESS_B pin should be tied LOW.
Related violations: <none>

REQP-1869#36 Warning
URAM288_CASCADE_ORDER_FIRST-NONE_tie_CAS_IN_X_low  
URAM288 core_inst/core_inst/core_pcie_inst/core_inst/iface[0].interface_inst/rx_fifo_inst/fifo[0].fifo_inst/fifo_inst/mem_reg_uram_2 has CASCADE_ORDER_B (NONE) set to FIRST or NONE, the CAS_IN_RDB_WR_B pin should be tied LOW.
Related violations: <none>

REQP-1869#37 Warning
URAM288_CASCADE_ORDER_FIRST-NONE_tie_CAS_IN_X_low  
URAM288 core_inst/core_inst/core_pcie_inst/core_inst/iface[0].interface_inst/rx_fifo_inst/fifo[0].fifo_inst/fifo_inst/mem_reg_uram_3 has CASCADE_ORDER_A (NONE) set to FIRST or NONE, the CAS_IN_ADDR_A[22:0] bus pins should be tied LOW.
Related violations: <none>

REQP-1869#38 Warning
URAM288_CASCADE_ORDER_FIRST-NONE_tie_CAS_IN_X_low  
URAM288 core_inst/core_inst/core_pcie_inst/core_inst/iface[0].interface_inst/rx_fifo_inst/fifo[0].fifo_inst/fifo_inst/mem_reg_uram_3 has CASCADE_ORDER_A (NONE) set to FIRST or NONE, the CAS_IN_BWE_A[8:0] bus pins should be tied LOW.
Related violations: <none>

REQP-1869#39 Warning
URAM288_CASCADE_ORDER_FIRST-NONE_tie_CAS_IN_X_low  
URAM288 core_inst/core_inst/core_pcie_inst/core_inst/iface[0].interface_inst/rx_fifo_inst/fifo[0].fifo_inst/fifo_inst/mem_reg_uram_3 has CASCADE_ORDER_A (NONE) set to FIRST or NONE, the CAS_IN_DIN_A[71:0] bus pins should be tied LOW.
Related violations: <none>

REQP-1869#40 Warning
URAM288_CASCADE_ORDER_FIRST-NONE_tie_CAS_IN_X_low  
URAM288 core_inst/core_inst/core_pcie_inst/core_inst/iface[0].interface_inst/rx_fifo_inst/fifo[0].fifo_inst/fifo_inst/mem_reg_uram_3 has CASCADE_ORDER_A (NONE) set to FIRST or NONE, the CAS_IN_DOUT_A[71:0] bus pins should be tied LOW.
Related violations: <none>

REQP-1869#41 Warning
URAM288_CASCADE_ORDER_FIRST-NONE_tie_CAS_IN_X_low  
URAM288 core_inst/core_inst/core_pcie_inst/core_inst/iface[0].interface_inst/rx_fifo_inst/fifo[0].fifo_inst/fifo_inst/mem_reg_uram_3 has CASCADE_ORDER_A (NONE) set to FIRST or NONE, the CAS_IN_RDACCESS_A pin should be tied LOW.
Related violations: <none>

REQP-1869#42 Warning
URAM288_CASCADE_ORDER_FIRST-NONE_tie_CAS_IN_X_low  
URAM288 core_inst/core_inst/core_pcie_inst/core_inst/iface[0].interface_inst/rx_fifo_inst/fifo[0].fifo_inst/fifo_inst/mem_reg_uram_3 has CASCADE_ORDER_A (NONE) set to FIRST or NONE, the CAS_IN_RDB_WR_A pin should be tied LOW.
Related violations: <none>

REQP-1869#43 Warning
URAM288_CASCADE_ORDER_FIRST-NONE_tie_CAS_IN_X_low  
URAM288 core_inst/core_inst/core_pcie_inst/core_inst/iface[0].interface_inst/rx_fifo_inst/fifo[0].fifo_inst/fifo_inst/mem_reg_uram_3 has CASCADE_ORDER_B (NONE) set to FIRST or NONE, the CAS_IN_ADDR_B[22:0] bus pins should be tied LOW.
Related violations: <none>

REQP-1869#44 Warning
URAM288_CASCADE_ORDER_FIRST-NONE_tie_CAS_IN_X_low  
URAM288 core_inst/core_inst/core_pcie_inst/core_inst/iface[0].interface_inst/rx_fifo_inst/fifo[0].fifo_inst/fifo_inst/mem_reg_uram_3 has CASCADE_ORDER_B (NONE) set to FIRST or NONE, the CAS_IN_BWE_B[8:0] bus pins should be tied LOW.
Related violations: <none>

REQP-1869#45 Warning
URAM288_CASCADE_ORDER_FIRST-NONE_tie_CAS_IN_X_low  
URAM288 core_inst/core_inst/core_pcie_inst/core_inst/iface[0].interface_inst/rx_fifo_inst/fifo[0].fifo_inst/fifo_inst/mem_reg_uram_3 has CASCADE_ORDER_B (NONE) set to FIRST or NONE, the CAS_IN_DIN_B[71:0] bus pins should be tied LOW.
Related violations: <none>

REQP-1869#46 Warning
URAM288_CASCADE_ORDER_FIRST-NONE_tie_CAS_IN_X_low  
URAM288 core_inst/core_inst/core_pcie_inst/core_inst/iface[0].interface_inst/rx_fifo_inst/fifo[0].fifo_inst/fifo_inst/mem_reg_uram_3 has CASCADE_ORDER_B (NONE) set to FIRST or NONE, the CAS_IN_DOUT_B[71:0] bus pins should be tied LOW.
Related violations: <none>

REQP-1869#47 Warning
URAM288_CASCADE_ORDER_FIRST-NONE_tie_CAS_IN_X_low  
URAM288 core_inst/core_inst/core_pcie_inst/core_inst/iface[0].interface_inst/rx_fifo_inst/fifo[0].fifo_inst/fifo_inst/mem_reg_uram_3 has CASCADE_ORDER_B (NONE) set to FIRST or NONE, the CAS_IN_RDACCESS_B pin should be tied LOW.
Related violations: <none>

REQP-1869#48 Warning
URAM288_CASCADE_ORDER_FIRST-NONE_tie_CAS_IN_X_low  
URAM288 core_inst/core_inst/core_pcie_inst/core_inst/iface[0].interface_inst/rx_fifo_inst/fifo[0].fifo_inst/fifo_inst/mem_reg_uram_3 has CASCADE_ORDER_B (NONE) set to FIRST or NONE, the CAS_IN_RDB_WR_B pin should be tied LOW.
Related violations: <none>

REQP-1869#49 Warning
URAM288_CASCADE_ORDER_FIRST-NONE_tie_CAS_IN_X_low  
URAM288 core_inst/core_inst/core_pcie_inst/core_inst/iface[0].interface_inst/rx_fifo_inst/fifo[0].fifo_inst/fifo_inst/mem_reg_uram_4 has CASCADE_ORDER_A (NONE) set to FIRST or NONE, the CAS_IN_ADDR_A[22:0] bus pins should be tied LOW.
Related violations: <none>

REQP-1869#50 Warning
URAM288_CASCADE_ORDER_FIRST-NONE_tie_CAS_IN_X_low  
URAM288 core_inst/core_inst/core_pcie_inst/core_inst/iface[0].interface_inst/rx_fifo_inst/fifo[0].fifo_inst/fifo_inst/mem_reg_uram_4 has CASCADE_ORDER_A (NONE) set to FIRST or NONE, the CAS_IN_BWE_A[8:0] bus pins should be tied LOW.
Related violations: <none>

REQP-1869#51 Warning
URAM288_CASCADE_ORDER_FIRST-NONE_tie_CAS_IN_X_low  
URAM288 core_inst/core_inst/core_pcie_inst/core_inst/iface[0].interface_inst/rx_fifo_inst/fifo[0].fifo_inst/fifo_inst/mem_reg_uram_4 has CASCADE_ORDER_A (NONE) set to FIRST or NONE, the CAS_IN_DIN_A[71:0] bus pins should be tied LOW.
Related violations: <none>

REQP-1869#52 Warning
URAM288_CASCADE_ORDER_FIRST-NONE_tie_CAS_IN_X_low  
URAM288 core_inst/core_inst/core_pcie_inst/core_inst/iface[0].interface_inst/rx_fifo_inst/fifo[0].fifo_inst/fifo_inst/mem_reg_uram_4 has CASCADE_ORDER_A (NONE) set to FIRST or NONE, the CAS_IN_DOUT_A[71:0] bus pins should be tied LOW.
Related violations: <none>

REQP-1869#53 Warning
URAM288_CASCADE_ORDER_FIRST-NONE_tie_CAS_IN_X_low  
URAM288 core_inst/core_inst/core_pcie_inst/core_inst/iface[0].interface_inst/rx_fifo_inst/fifo[0].fifo_inst/fifo_inst/mem_reg_uram_4 has CASCADE_ORDER_A (NONE) set to FIRST or NONE, the CAS_IN_RDACCESS_A pin should be tied LOW.
Related violations: <none>

REQP-1869#54 Warning
URAM288_CASCADE_ORDER_FIRST-NONE_tie_CAS_IN_X_low  
URAM288 core_inst/core_inst/core_pcie_inst/core_inst/iface[0].interface_inst/rx_fifo_inst/fifo[0].fifo_inst/fifo_inst/mem_reg_uram_4 has CASCADE_ORDER_A (NONE) set to FIRST or NONE, the CAS_IN_RDB_WR_A pin should be tied LOW.
Related violations: <none>

REQP-1869#55 Warning
URAM288_CASCADE_ORDER_FIRST-NONE_tie_CAS_IN_X_low  
URAM288 core_inst/core_inst/core_pcie_inst/core_inst/iface[0].interface_inst/rx_fifo_inst/fifo[0].fifo_inst/fifo_inst/mem_reg_uram_4 has CASCADE_ORDER_B (NONE) set to FIRST or NONE, the CAS_IN_ADDR_B[22:0] bus pins should be tied LOW.
Related violations: <none>

REQP-1869#56 Warning
URAM288_CASCADE_ORDER_FIRST-NONE_tie_CAS_IN_X_low  
URAM288 core_inst/core_inst/core_pcie_inst/core_inst/iface[0].interface_inst/rx_fifo_inst/fifo[0].fifo_inst/fifo_inst/mem_reg_uram_4 has CASCADE_ORDER_B (NONE) set to FIRST or NONE, the CAS_IN_BWE_B[8:0] bus pins should be tied LOW.
Related violations: <none>

REQP-1869#57 Warning
URAM288_CASCADE_ORDER_FIRST-NONE_tie_CAS_IN_X_low  
URAM288 core_inst/core_inst/core_pcie_inst/core_inst/iface[0].interface_inst/rx_fifo_inst/fifo[0].fifo_inst/fifo_inst/mem_reg_uram_4 has CASCADE_ORDER_B (NONE) set to FIRST or NONE, the CAS_IN_DIN_B[71:0] bus pins should be tied LOW.
Related violations: <none>

REQP-1869#58 Warning
URAM288_CASCADE_ORDER_FIRST-NONE_tie_CAS_IN_X_low  
URAM288 core_inst/core_inst/core_pcie_inst/core_inst/iface[0].interface_inst/rx_fifo_inst/fifo[0].fifo_inst/fifo_inst/mem_reg_uram_4 has CASCADE_ORDER_B (NONE) set to FIRST or NONE, the CAS_IN_DOUT_B[71:0] bus pins should be tied LOW.
Related violations: <none>

REQP-1869#59 Warning
URAM288_CASCADE_ORDER_FIRST-NONE_tie_CAS_IN_X_low  
URAM288 core_inst/core_inst/core_pcie_inst/core_inst/iface[0].interface_inst/rx_fifo_inst/fifo[0].fifo_inst/fifo_inst/mem_reg_uram_4 has CASCADE_ORDER_B (NONE) set to FIRST or NONE, the CAS_IN_RDACCESS_B pin should be tied LOW.
Related violations: <none>

REQP-1869#60 Warning
URAM288_CASCADE_ORDER_FIRST-NONE_tie_CAS_IN_X_low  
URAM288 core_inst/core_inst/core_pcie_inst/core_inst/iface[0].interface_inst/rx_fifo_inst/fifo[0].fifo_inst/fifo_inst/mem_reg_uram_4 has CASCADE_ORDER_B (NONE) set to FIRST or NONE, the CAS_IN_RDB_WR_B pin should be tied LOW.
Related violations: <none>

REQP-1869#61 Warning
URAM288_CASCADE_ORDER_FIRST-NONE_tie_CAS_IN_X_low  
URAM288 core_inst/core_inst/core_pcie_inst/core_inst/iface[0].interface_inst/rx_fifo_inst/fifo[0].fifo_inst/fifo_inst/mem_reg_uram_5 has CASCADE_ORDER_A (NONE) set to FIRST or NONE, the CAS_IN_ADDR_A[22:0] bus pins should be tied LOW.
Related violations: <none>

REQP-1869#62 Warning
URAM288_CASCADE_ORDER_FIRST-NONE_tie_CAS_IN_X_low  
URAM288 core_inst/core_inst/core_pcie_inst/core_inst/iface[0].interface_inst/rx_fifo_inst/fifo[0].fifo_inst/fifo_inst/mem_reg_uram_5 has CASCADE_ORDER_A (NONE) set to FIRST or NONE, the CAS_IN_BWE_A[8:0] bus pins should be tied LOW.
Related violations: <none>

REQP-1869#63 Warning
URAM288_CASCADE_ORDER_FIRST-NONE_tie_CAS_IN_X_low  
URAM288 core_inst/core_inst/core_pcie_inst/core_inst/iface[0].interface_inst/rx_fifo_inst/fifo[0].fifo_inst/fifo_inst/mem_reg_uram_5 has CASCADE_ORDER_A (NONE) set to FIRST or NONE, the CAS_IN_DIN_A[71:0] bus pins should be tied LOW.
Related violations: <none>

REQP-1869#64 Warning
URAM288_CASCADE_ORDER_FIRST-NONE_tie_CAS_IN_X_low  
URAM288 core_inst/core_inst/core_pcie_inst/core_inst/iface[0].interface_inst/rx_fifo_inst/fifo[0].fifo_inst/fifo_inst/mem_reg_uram_5 has CASCADE_ORDER_A (NONE) set to FIRST or NONE, the CAS_IN_DOUT_A[71:0] bus pins should be tied LOW.
Related violations: <none>

REQP-1869#65 Warning
URAM288_CASCADE_ORDER_FIRST-NONE_tie_CAS_IN_X_low  
URAM288 core_inst/core_inst/core_pcie_inst/core_inst/iface[0].interface_inst/rx_fifo_inst/fifo[0].fifo_inst/fifo_inst/mem_reg_uram_5 has CASCADE_ORDER_A (NONE) set to FIRST or NONE, the CAS_IN_RDACCESS_A pin should be tied LOW.
Related violations: <none>

REQP-1869#66 Warning
URAM288_CASCADE_ORDER_FIRST-NONE_tie_CAS_IN_X_low  
URAM288 core_inst/core_inst/core_pcie_inst/core_inst/iface[0].interface_inst/rx_fifo_inst/fifo[0].fifo_inst/fifo_inst/mem_reg_uram_5 has CASCADE_ORDER_A (NONE) set to FIRST or NONE, the CAS_IN_RDB_WR_A pin should be tied LOW.
Related violations: <none>

REQP-1869#67 Warning
URAM288_CASCADE_ORDER_FIRST-NONE_tie_CAS_IN_X_low  
URAM288 core_inst/core_inst/core_pcie_inst/core_inst/iface[0].interface_inst/rx_fifo_inst/fifo[0].fifo_inst/fifo_inst/mem_reg_uram_5 has CASCADE_ORDER_B (NONE) set to FIRST or NONE, the CAS_IN_ADDR_B[22:0] bus pins should be tied LOW.
Related violations: <none>

REQP-1869#68 Warning
URAM288_CASCADE_ORDER_FIRST-NONE_tie_CAS_IN_X_low  
URAM288 core_inst/core_inst/core_pcie_inst/core_inst/iface[0].interface_inst/rx_fifo_inst/fifo[0].fifo_inst/fifo_inst/mem_reg_uram_5 has CASCADE_ORDER_B (NONE) set to FIRST or NONE, the CAS_IN_BWE_B[8:0] bus pins should be tied LOW.
Related violations: <none>

REQP-1869#69 Warning
URAM288_CASCADE_ORDER_FIRST-NONE_tie_CAS_IN_X_low  
URAM288 core_inst/core_inst/core_pcie_inst/core_inst/iface[0].interface_inst/rx_fifo_inst/fifo[0].fifo_inst/fifo_inst/mem_reg_uram_5 has CASCADE_ORDER_B (NONE) set to FIRST or NONE, the CAS_IN_DIN_B[71:0] bus pins should be tied LOW.
Related violations: <none>

REQP-1869#70 Warning
URAM288_CASCADE_ORDER_FIRST-NONE_tie_CAS_IN_X_low  
URAM288 core_inst/core_inst/core_pcie_inst/core_inst/iface[0].interface_inst/rx_fifo_inst/fifo[0].fifo_inst/fifo_inst/mem_reg_uram_5 has CASCADE_ORDER_B (NONE) set to FIRST or NONE, the CAS_IN_DOUT_B[71:0] bus pins should be tied LOW.
Related violations: <none>

REQP-1869#71 Warning
URAM288_CASCADE_ORDER_FIRST-NONE_tie_CAS_IN_X_low  
URAM288 core_inst/core_inst/core_pcie_inst/core_inst/iface[0].interface_inst/rx_fifo_inst/fifo[0].fifo_inst/fifo_inst/mem_reg_uram_5 has CASCADE_ORDER_B (NONE) set to FIRST or NONE, the CAS_IN_RDACCESS_B pin should be tied LOW.
Related violations: <none>

REQP-1869#72 Warning
URAM288_CASCADE_ORDER_FIRST-NONE_tie_CAS_IN_X_low  
URAM288 core_inst/core_inst/core_pcie_inst/core_inst/iface[0].interface_inst/rx_fifo_inst/fifo[0].fifo_inst/fifo_inst/mem_reg_uram_5 has CASCADE_ORDER_B (NONE) set to FIRST or NONE, the CAS_IN_RDB_WR_B pin should be tied LOW.
Related violations: <none>

REQP-1869#73 Warning
URAM288_CASCADE_ORDER_FIRST-NONE_tie_CAS_IN_X_low  
URAM288 core_inst/core_inst/core_pcie_inst/core_inst/iface[0].interface_inst/rx_fifo_inst/fifo[0].fifo_inst/fifo_inst/mem_reg_uram_6 has CASCADE_ORDER_A (NONE) set to FIRST or NONE, the CAS_IN_ADDR_A[22:0] bus pins should be tied LOW.
Related violations: <none>

REQP-1869#74 Warning
URAM288_CASCADE_ORDER_FIRST-NONE_tie_CAS_IN_X_low  
URAM288 core_inst/core_inst/core_pcie_inst/core_inst/iface[0].interface_inst/rx_fifo_inst/fifo[0].fifo_inst/fifo_inst/mem_reg_uram_6 has CASCADE_ORDER_A (NONE) set to FIRST or NONE, the CAS_IN_BWE_A[8:0] bus pins should be tied LOW.
Related violations: <none>

REQP-1869#75 Warning
URAM288_CASCADE_ORDER_FIRST-NONE_tie_CAS_IN_X_low  
URAM288 core_inst/core_inst/core_pcie_inst/core_inst/iface[0].interface_inst/rx_fifo_inst/fifo[0].fifo_inst/fifo_inst/mem_reg_uram_6 has CASCADE_ORDER_A (NONE) set to FIRST or NONE, the CAS_IN_DIN_A[71:0] bus pins should be tied LOW.
Related violations: <none>

REQP-1869#76 Warning
URAM288_CASCADE_ORDER_FIRST-NONE_tie_CAS_IN_X_low  
URAM288 core_inst/core_inst/core_pcie_inst/core_inst/iface[0].interface_inst/rx_fifo_inst/fifo[0].fifo_inst/fifo_inst/mem_reg_uram_6 has CASCADE_ORDER_A (NONE) set to FIRST or NONE, the CAS_IN_DOUT_A[71:0] bus pins should be tied LOW.
Related violations: <none>

REQP-1869#77 Warning
URAM288_CASCADE_ORDER_FIRST-NONE_tie_CAS_IN_X_low  
URAM288 core_inst/core_inst/core_pcie_inst/core_inst/iface[0].interface_inst/rx_fifo_inst/fifo[0].fifo_inst/fifo_inst/mem_reg_uram_6 has CASCADE_ORDER_A (NONE) set to FIRST or NONE, the CAS_IN_RDACCESS_A pin should be tied LOW.
Related violations: <none>

REQP-1869#78 Warning
URAM288_CASCADE_ORDER_FIRST-NONE_tie_CAS_IN_X_low  
URAM288 core_inst/core_inst/core_pcie_inst/core_inst/iface[0].interface_inst/rx_fifo_inst/fifo[0].fifo_inst/fifo_inst/mem_reg_uram_6 has CASCADE_ORDER_A (NONE) set to FIRST or NONE, the CAS_IN_RDB_WR_A pin should be tied LOW.
Related violations: <none>

REQP-1869#79 Warning
URAM288_CASCADE_ORDER_FIRST-NONE_tie_CAS_IN_X_low  
URAM288 core_inst/core_inst/core_pcie_inst/core_inst/iface[0].interface_inst/rx_fifo_inst/fifo[0].fifo_inst/fifo_inst/mem_reg_uram_6 has CASCADE_ORDER_B (NONE) set to FIRST or NONE, the CAS_IN_ADDR_B[22:0] bus pins should be tied LOW.
Related violations: <none>

REQP-1869#80 Warning
URAM288_CASCADE_ORDER_FIRST-NONE_tie_CAS_IN_X_low  
URAM288 core_inst/core_inst/core_pcie_inst/core_inst/iface[0].interface_inst/rx_fifo_inst/fifo[0].fifo_inst/fifo_inst/mem_reg_uram_6 has CASCADE_ORDER_B (NONE) set to FIRST or NONE, the CAS_IN_BWE_B[8:0] bus pins should be tied LOW.
Related violations: <none>

REQP-1869#81 Warning
URAM288_CASCADE_ORDER_FIRST-NONE_tie_CAS_IN_X_low  
URAM288 core_inst/core_inst/core_pcie_inst/core_inst/iface[0].interface_inst/rx_fifo_inst/fifo[0].fifo_inst/fifo_inst/mem_reg_uram_6 has CASCADE_ORDER_B (NONE) set to FIRST or NONE, the CAS_IN_DIN_B[71:0] bus pins should be tied LOW.
Related violations: <none>

REQP-1869#82 Warning
URAM288_CASCADE_ORDER_FIRST-NONE_tie_CAS_IN_X_low  
URAM288 core_inst/core_inst/core_pcie_inst/core_inst/iface[0].interface_inst/rx_fifo_inst/fifo[0].fifo_inst/fifo_inst/mem_reg_uram_6 has CASCADE_ORDER_B (NONE) set to FIRST or NONE, the CAS_IN_DOUT_B[71:0] bus pins should be tied LOW.
Related violations: <none>

REQP-1869#83 Warning
URAM288_CASCADE_ORDER_FIRST-NONE_tie_CAS_IN_X_low  
URAM288 core_inst/core_inst/core_pcie_inst/core_inst/iface[0].interface_inst/rx_fifo_inst/fifo[0].fifo_inst/fifo_inst/mem_reg_uram_6 has CASCADE_ORDER_B (NONE) set to FIRST or NONE, the CAS_IN_RDACCESS_B pin should be tied LOW.
Related violations: <none>

REQP-1869#84 Warning
URAM288_CASCADE_ORDER_FIRST-NONE_tie_CAS_IN_X_low  
URAM288 core_inst/core_inst/core_pcie_inst/core_inst/iface[0].interface_inst/rx_fifo_inst/fifo[0].fifo_inst/fifo_inst/mem_reg_uram_6 has CASCADE_ORDER_B (NONE) set to FIRST or NONE, the CAS_IN_RDB_WR_B pin should be tied LOW.
Related violations: <none>

REQP-1869#85 Warning
URAM288_CASCADE_ORDER_FIRST-NONE_tie_CAS_IN_X_low  
URAM288 core_inst/core_inst/core_pcie_inst/core_inst/iface[0].interface_inst/rx_fifo_inst/fifo[0].fifo_inst/fifo_inst/mem_reg_uram_7 has CASCADE_ORDER_A (NONE) set to FIRST or NONE, the CAS_IN_ADDR_A[22:0] bus pins should be tied LOW.
Related violations: <none>

REQP-1869#86 Warning
URAM288_CASCADE_ORDER_FIRST-NONE_tie_CAS_IN_X_low  
URAM288 core_inst/core_inst/core_pcie_inst/core_inst/iface[0].interface_inst/rx_fifo_inst/fifo[0].fifo_inst/fifo_inst/mem_reg_uram_7 has CASCADE_ORDER_A (NONE) set to FIRST or NONE, the CAS_IN_BWE_A[8:0] bus pins should be tied LOW.
Related violations: <none>

REQP-1869#87 Warning
URAM288_CASCADE_ORDER_FIRST-NONE_tie_CAS_IN_X_low  
URAM288 core_inst/core_inst/core_pcie_inst/core_inst/iface[0].interface_inst/rx_fifo_inst/fifo[0].fifo_inst/fifo_inst/mem_reg_uram_7 has CASCADE_ORDER_A (NONE) set to FIRST or NONE, the CAS_IN_DIN_A[71:0] bus pins should be tied LOW.
Related violations: <none>

REQP-1869#88 Warning
URAM288_CASCADE_ORDER_FIRST-NONE_tie_CAS_IN_X_low  
URAM288 core_inst/core_inst/core_pcie_inst/core_inst/iface[0].interface_inst/rx_fifo_inst/fifo[0].fifo_inst/fifo_inst/mem_reg_uram_7 has CASCADE_ORDER_A (NONE) set to FIRST or NONE, the CAS_IN_DOUT_A[71:0] bus pins should be tied LOW.
Related violations: <none>

REQP-1869#89 Warning
URAM288_CASCADE_ORDER_FIRST-NONE_tie_CAS_IN_X_low  
URAM288 core_inst/core_inst/core_pcie_inst/core_inst/iface[0].interface_inst/rx_fifo_inst/fifo[0].fifo_inst/fifo_inst/mem_reg_uram_7 has CASCADE_ORDER_A (NONE) set to FIRST or NONE, the CAS_IN_RDACCESS_A pin should be tied LOW.
Related violations: <none>

REQP-1869#90 Warning
URAM288_CASCADE_ORDER_FIRST-NONE_tie_CAS_IN_X_low  
URAM288 core_inst/core_inst/core_pcie_inst/core_inst/iface[0].interface_inst/rx_fifo_inst/fifo[0].fifo_inst/fifo_inst/mem_reg_uram_7 has CASCADE_ORDER_A (NONE) set to FIRST or NONE, the CAS_IN_RDB_WR_A pin should be tied LOW.
Related violations: <none>

REQP-1869#91 Warning
URAM288_CASCADE_ORDER_FIRST-NONE_tie_CAS_IN_X_low  
URAM288 core_inst/core_inst/core_pcie_inst/core_inst/iface[0].interface_inst/rx_fifo_inst/fifo[0].fifo_inst/fifo_inst/mem_reg_uram_7 has CASCADE_ORDER_B (NONE) set to FIRST or NONE, the CAS_IN_ADDR_B[22:0] bus pins should be tied LOW.
Related violations: <none>

REQP-1869#92 Warning
URAM288_CASCADE_ORDER_FIRST-NONE_tie_CAS_IN_X_low  
URAM288 core_inst/core_inst/core_pcie_inst/core_inst/iface[0].interface_inst/rx_fifo_inst/fifo[0].fifo_inst/fifo_inst/mem_reg_uram_7 has CASCADE_ORDER_B (NONE) set to FIRST or NONE, the CAS_IN_BWE_B[8:0] bus pins should be tied LOW.
Related violations: <none>

REQP-1869#93 Warning
URAM288_CASCADE_ORDER_FIRST-NONE_tie_CAS_IN_X_low  
URAM288 core_inst/core_inst/core_pcie_inst/core_inst/iface[0].interface_inst/rx_fifo_inst/fifo[0].fifo_inst/fifo_inst/mem_reg_uram_7 has CASCADE_ORDER_B (NONE) set to FIRST or NONE, the CAS_IN_DIN_B[71:0] bus pins should be tied LOW.
Related violations: <none>

REQP-1869#94 Warning
URAM288_CASCADE_ORDER_FIRST-NONE_tie_CAS_IN_X_low  
URAM288 core_inst/core_inst/core_pcie_inst/core_inst/iface[0].interface_inst/rx_fifo_inst/fifo[0].fifo_inst/fifo_inst/mem_reg_uram_7 has CASCADE_ORDER_B (NONE) set to FIRST or NONE, the CAS_IN_DOUT_B[71:0] bus pins should be tied LOW.
Related violations: <none>

REQP-1869#95 Warning
URAM288_CASCADE_ORDER_FIRST-NONE_tie_CAS_IN_X_low  
URAM288 core_inst/core_inst/core_pcie_inst/core_inst/iface[0].interface_inst/rx_fifo_inst/fifo[0].fifo_inst/fifo_inst/mem_reg_uram_7 has CASCADE_ORDER_B (NONE) set to FIRST or NONE, the CAS_IN_RDACCESS_B pin should be tied LOW.
Related violations: <none>

REQP-1869#96 Warning
URAM288_CASCADE_ORDER_FIRST-NONE_tie_CAS_IN_X_low  
URAM288 core_inst/core_inst/core_pcie_inst/core_inst/iface[0].interface_inst/rx_fifo_inst/fifo[0].fifo_inst/fifo_inst/mem_reg_uram_7 has CASCADE_ORDER_B (NONE) set to FIRST or NONE, the CAS_IN_RDB_WR_B pin should be tied LOW.
Related violations: <none>

REQP-1869#97 Warning
URAM288_CASCADE_ORDER_FIRST-NONE_tie_CAS_IN_X_low  
URAM288 core_inst/core_inst/core_pcie_inst/core_inst/iface[0].interface_inst/rx_fifo_inst/fifo[0].fifo_inst/fifo_inst/mem_reg_uram_8 has CASCADE_ORDER_A (NONE) set to FIRST or NONE, the CAS_IN_ADDR_A[22:0] bus pins should be tied LOW.
Related violations: <none>

REQP-1869#98 Warning
URAM288_CASCADE_ORDER_FIRST-NONE_tie_CAS_IN_X_low  
URAM288 core_inst/core_inst/core_pcie_inst/core_inst/iface[0].interface_inst/rx_fifo_inst/fifo[0].fifo_inst/fifo_inst/mem_reg_uram_8 has CASCADE_ORDER_A (NONE) set to FIRST or NONE, the CAS_IN_BWE_A[8:0] bus pins should be tied LOW.
Related violations: <none>

REQP-1869#99 Warning
URAM288_CASCADE_ORDER_FIRST-NONE_tie_CAS_IN_X_low  
URAM288 core_inst/core_inst/core_pcie_inst/core_inst/iface[0].interface_inst/rx_fifo_inst/fifo[0].fifo_inst/fifo_inst/mem_reg_uram_8 has CASCADE_ORDER_A (NONE) set to FIRST or NONE, the CAS_IN_DIN_A[71:0] bus pins should be tied LOW.
Related violations: <none>

REQP-1869#100 Warning
URAM288_CASCADE_ORDER_FIRST-NONE_tie_CAS_IN_X_low  
URAM288 core_inst/core_inst/core_pcie_inst/core_inst/iface[0].interface_inst/rx_fifo_inst/fifo[0].fifo_inst/fifo_inst/mem_reg_uram_8 has CASCADE_ORDER_A (NONE) set to FIRST or NONE, the CAS_IN_DOUT_A[71:0] bus pins should be tied LOW.
Related violations: <none>

REQP-1869#101 Warning
URAM288_CASCADE_ORDER_FIRST-NONE_tie_CAS_IN_X_low  
URAM288 core_inst/core_inst/core_pcie_inst/core_inst/iface[0].interface_inst/rx_fifo_inst/fifo[0].fifo_inst/fifo_inst/mem_reg_uram_8 has CASCADE_ORDER_A (NONE) set to FIRST or NONE, the CAS_IN_RDACCESS_A pin should be tied LOW.
Related violations: <none>

REQP-1869#102 Warning
URAM288_CASCADE_ORDER_FIRST-NONE_tie_CAS_IN_X_low  
URAM288 core_inst/core_inst/core_pcie_inst/core_inst/iface[0].interface_inst/rx_fifo_inst/fifo[0].fifo_inst/fifo_inst/mem_reg_uram_8 has CASCADE_ORDER_A (NONE) set to FIRST or NONE, the CAS_IN_RDB_WR_A pin should be tied LOW.
Related violations: <none>

REQP-1869#103 Warning
URAM288_CASCADE_ORDER_FIRST-NONE_tie_CAS_IN_X_low  
URAM288 core_inst/core_inst/core_pcie_inst/core_inst/iface[0].interface_inst/rx_fifo_inst/fifo[0].fifo_inst/fifo_inst/mem_reg_uram_8 has CASCADE_ORDER_B (NONE) set to FIRST or NONE, the CAS_IN_ADDR_B[22:0] bus pins should be tied LOW.
Related violations: <none>

REQP-1869#104 Warning
URAM288_CASCADE_ORDER_FIRST-NONE_tie_CAS_IN_X_low  
URAM288 core_inst/core_inst/core_pcie_inst/core_inst/iface[0].interface_inst/rx_fifo_inst/fifo[0].fifo_inst/fifo_inst/mem_reg_uram_8 has CASCADE_ORDER_B (NONE) set to FIRST or NONE, the CAS_IN_BWE_B[8:0] bus pins should be tied LOW.
Related violations: <none>

REQP-1869#105 Warning
URAM288_CASCADE_ORDER_FIRST-NONE_tie_CAS_IN_X_low  
URAM288 core_inst/core_inst/core_pcie_inst/core_inst/iface[0].interface_inst/rx_fifo_inst/fifo[0].fifo_inst/fifo_inst/mem_reg_uram_8 has CASCADE_ORDER_B (NONE) set to FIRST or NONE, the CAS_IN_DIN_B[71:0] bus pins should be tied LOW.
Related violations: <none>

REQP-1869#106 Warning
URAM288_CASCADE_ORDER_FIRST-NONE_tie_CAS_IN_X_low  
URAM288 core_inst/core_inst/core_pcie_inst/core_inst/iface[0].interface_inst/rx_fifo_inst/fifo[0].fifo_inst/fifo_inst/mem_reg_uram_8 has CASCADE_ORDER_B (NONE) set to FIRST or NONE, the CAS_IN_DOUT_B[71:0] bus pins should be tied LOW.
Related violations: <none>

REQP-1869#107 Warning
URAM288_CASCADE_ORDER_FIRST-NONE_tie_CAS_IN_X_low  
URAM288 core_inst/core_inst/core_pcie_inst/core_inst/iface[0].interface_inst/rx_fifo_inst/fifo[0].fifo_inst/fifo_inst/mem_reg_uram_8 has CASCADE_ORDER_B (NONE) set to FIRST or NONE, the CAS_IN_RDACCESS_B pin should be tied LOW.
Related violations: <none>

REQP-1869#108 Warning
URAM288_CASCADE_ORDER_FIRST-NONE_tie_CAS_IN_X_low  
URAM288 core_inst/core_inst/core_pcie_inst/core_inst/iface[0].interface_inst/rx_fifo_inst/fifo[0].fifo_inst/fifo_inst/mem_reg_uram_8 has CASCADE_ORDER_B (NONE) set to FIRST or NONE, the CAS_IN_RDB_WR_B pin should be tied LOW.
Related violations: <none>

REQP-1869#109 Warning
URAM288_CASCADE_ORDER_FIRST-NONE_tie_CAS_IN_X_low  
URAM288 core_inst/core_inst/core_pcie_inst/core_inst/iface[0].interface_inst/rx_fifo_inst/fifo[0].fifo_inst/fifo_inst/mem_reg_uram_9 has CASCADE_ORDER_A (NONE) set to FIRST or NONE, the CAS_IN_ADDR_A[22:0] bus pins should be tied LOW.
Related violations: <none>

REQP-1869#110 Warning
URAM288_CASCADE_ORDER_FIRST-NONE_tie_CAS_IN_X_low  
URAM288 core_inst/core_inst/core_pcie_inst/core_inst/iface[0].interface_inst/rx_fifo_inst/fifo[0].fifo_inst/fifo_inst/mem_reg_uram_9 has CASCADE_ORDER_A (NONE) set to FIRST or NONE, the CAS_IN_BWE_A[8:0] bus pins should be tied LOW.
Related violations: <none>

REQP-1869#111 Warning
URAM288_CASCADE_ORDER_FIRST-NONE_tie_CAS_IN_X_low  
URAM288 core_inst/core_inst/core_pcie_inst/core_inst/iface[0].interface_inst/rx_fifo_inst/fifo[0].fifo_inst/fifo_inst/mem_reg_uram_9 has CASCADE_ORDER_A (NONE) set to FIRST or NONE, the CAS_IN_DIN_A[71:0] bus pins should be tied LOW.
Related violations: <none>

REQP-1869#112 Warning
URAM288_CASCADE_ORDER_FIRST-NONE_tie_CAS_IN_X_low  
URAM288 core_inst/core_inst/core_pcie_inst/core_inst/iface[0].interface_inst/rx_fifo_inst/fifo[0].fifo_inst/fifo_inst/mem_reg_uram_9 has CASCADE_ORDER_A (NONE) set to FIRST or NONE, the CAS_IN_DOUT_A[71:0] bus pins should be tied LOW.
Related violations: <none>

REQP-1869#113 Warning
URAM288_CASCADE_ORDER_FIRST-NONE_tie_CAS_IN_X_low  
URAM288 core_inst/core_inst/core_pcie_inst/core_inst/iface[0].interface_inst/rx_fifo_inst/fifo[0].fifo_inst/fifo_inst/mem_reg_uram_9 has CASCADE_ORDER_A (NONE) set to FIRST or NONE, the CAS_IN_RDACCESS_A pin should be tied LOW.
Related violations: <none>

REQP-1869#114 Warning
URAM288_CASCADE_ORDER_FIRST-NONE_tie_CAS_IN_X_low  
URAM288 core_inst/core_inst/core_pcie_inst/core_inst/iface[0].interface_inst/rx_fifo_inst/fifo[0].fifo_inst/fifo_inst/mem_reg_uram_9 has CASCADE_ORDER_A (NONE) set to FIRST or NONE, the CAS_IN_RDB_WR_A pin should be tied LOW.
Related violations: <none>

REQP-1869#115 Warning
URAM288_CASCADE_ORDER_FIRST-NONE_tie_CAS_IN_X_low  
URAM288 core_inst/core_inst/core_pcie_inst/core_inst/iface[0].interface_inst/rx_fifo_inst/fifo[0].fifo_inst/fifo_inst/mem_reg_uram_9 has CASCADE_ORDER_B (NONE) set to FIRST or NONE, the CAS_IN_ADDR_B[22:0] bus pins should be tied LOW.
Related violations: <none>

REQP-1869#116 Warning
URAM288_CASCADE_ORDER_FIRST-NONE_tie_CAS_IN_X_low  
URAM288 core_inst/core_inst/core_pcie_inst/core_inst/iface[0].interface_inst/rx_fifo_inst/fifo[0].fifo_inst/fifo_inst/mem_reg_uram_9 has CASCADE_ORDER_B (NONE) set to FIRST or NONE, the CAS_IN_BWE_B[8:0] bus pins should be tied LOW.
Related violations: <none>

REQP-1869#117 Warning
URAM288_CASCADE_ORDER_FIRST-NONE_tie_CAS_IN_X_low  
URAM288 core_inst/core_inst/core_pcie_inst/core_inst/iface[0].interface_inst/rx_fifo_inst/fifo[0].fifo_inst/fifo_inst/mem_reg_uram_9 has CASCADE_ORDER_B (NONE) set to FIRST or NONE, the CAS_IN_DIN_B[71:0] bus pins should be tied LOW.
Related violations: <none>

REQP-1869#118 Warning
URAM288_CASCADE_ORDER_FIRST-NONE_tie_CAS_IN_X_low  
URAM288 core_inst/core_inst/core_pcie_inst/core_inst/iface[0].interface_inst/rx_fifo_inst/fifo[0].fifo_inst/fifo_inst/mem_reg_uram_9 has CASCADE_ORDER_B (NONE) set to FIRST or NONE, the CAS_IN_DOUT_B[71:0] bus pins should be tied LOW.
Related violations: <none>

REQP-1869#119 Warning
URAM288_CASCADE_ORDER_FIRST-NONE_tie_CAS_IN_X_low  
URAM288 core_inst/core_inst/core_pcie_inst/core_inst/iface[0].interface_inst/rx_fifo_inst/fifo[0].fifo_inst/fifo_inst/mem_reg_uram_9 has CASCADE_ORDER_B (NONE) set to FIRST or NONE, the CAS_IN_RDACCESS_B pin should be tied LOW.
Related violations: <none>

REQP-1869#120 Warning
URAM288_CASCADE_ORDER_FIRST-NONE_tie_CAS_IN_X_low  
URAM288 core_inst/core_inst/core_pcie_inst/core_inst/iface[0].interface_inst/rx_fifo_inst/fifo[0].fifo_inst/fifo_inst/mem_reg_uram_9 has CASCADE_ORDER_B (NONE) set to FIRST or NONE, the CAS_IN_RDB_WR_B pin should be tied LOW.
Related violations: <none>

REQP-1869#121 Warning
URAM288_CASCADE_ORDER_FIRST-NONE_tie_CAS_IN_X_low  
URAM288 core_inst/core_inst/core_pcie_inst/core_inst/stats_counter_inst/mem_reg_uram_0 has CASCADE_ORDER_A (NONE) set to FIRST or NONE, the CAS_IN_ADDR_A[22:0] bus pins should be tied LOW.
Related violations: <none>

REQP-1869#122 Warning
URAM288_CASCADE_ORDER_FIRST-NONE_tie_CAS_IN_X_low  
URAM288 core_inst/core_inst/core_pcie_inst/core_inst/stats_counter_inst/mem_reg_uram_0 has CASCADE_ORDER_A (NONE) set to FIRST or NONE, the CAS_IN_BWE_A[8:0] bus pins should be tied LOW.
Related violations: <none>

REQP-1869#123 Warning
URAM288_CASCADE_ORDER_FIRST-NONE_tie_CAS_IN_X_low  
URAM288 core_inst/core_inst/core_pcie_inst/core_inst/stats_counter_inst/mem_reg_uram_0 has CASCADE_ORDER_A (NONE) set to FIRST or NONE, the CAS_IN_DIN_A[71:0] bus pins should be tied LOW.
Related violations: <none>

REQP-1869#124 Warning
URAM288_CASCADE_ORDER_FIRST-NONE_tie_CAS_IN_X_low  
URAM288 core_inst/core_inst/core_pcie_inst/core_inst/stats_counter_inst/mem_reg_uram_0 has CASCADE_ORDER_A (NONE) set to FIRST or NONE, the CAS_IN_DOUT_A[71:0] bus pins should be tied LOW.
Related violations: <none>

REQP-1869#125 Warning
URAM288_CASCADE_ORDER_FIRST-NONE_tie_CAS_IN_X_low  
URAM288 core_inst/core_inst/core_pcie_inst/core_inst/stats_counter_inst/mem_reg_uram_0 has CASCADE_ORDER_A (NONE) set to FIRST or NONE, the CAS_IN_RDACCESS_A pin should be tied LOW.
Related violations: <none>

REQP-1869#126 Warning
URAM288_CASCADE_ORDER_FIRST-NONE_tie_CAS_IN_X_low  
URAM288 core_inst/core_inst/core_pcie_inst/core_inst/stats_counter_inst/mem_reg_uram_0 has CASCADE_ORDER_A (NONE) set to FIRST or NONE, the CAS_IN_RDB_WR_A pin should be tied LOW.
Related violations: <none>

REQP-1869#127 Warning
URAM288_CASCADE_ORDER_FIRST-NONE_tie_CAS_IN_X_low  
URAM288 core_inst/core_inst/core_pcie_inst/core_inst/stats_counter_inst/mem_reg_uram_0 has CASCADE_ORDER_B (NONE) set to FIRST or NONE, the CAS_IN_ADDR_B[22:0] bus pins should be tied LOW.
Related violations: <none>

REQP-1869#128 Warning
URAM288_CASCADE_ORDER_FIRST-NONE_tie_CAS_IN_X_low  
URAM288 core_inst/core_inst/core_pcie_inst/core_inst/stats_counter_inst/mem_reg_uram_0 has CASCADE_ORDER_B (NONE) set to FIRST or NONE, the CAS_IN_BWE_B[8:0] bus pins should be tied LOW.
Related violations: <none>

REQP-1869#129 Warning
URAM288_CASCADE_ORDER_FIRST-NONE_tie_CAS_IN_X_low  
URAM288 core_inst/core_inst/core_pcie_inst/core_inst/stats_counter_inst/mem_reg_uram_0 has CASCADE_ORDER_B (NONE) set to FIRST or NONE, the CAS_IN_DIN_B[71:0] bus pins should be tied LOW.
Related violations: <none>

REQP-1869#130 Warning
URAM288_CASCADE_ORDER_FIRST-NONE_tie_CAS_IN_X_low  
URAM288 core_inst/core_inst/core_pcie_inst/core_inst/stats_counter_inst/mem_reg_uram_0 has CASCADE_ORDER_B (NONE) set to FIRST or NONE, the CAS_IN_DOUT_B[71:0] bus pins should be tied LOW.
Related violations: <none>

REQP-1869#131 Warning
URAM288_CASCADE_ORDER_FIRST-NONE_tie_CAS_IN_X_low  
URAM288 core_inst/core_inst/core_pcie_inst/core_inst/stats_counter_inst/mem_reg_uram_0 has CASCADE_ORDER_B (NONE) set to FIRST or NONE, the CAS_IN_RDACCESS_B pin should be tied LOW.
Related violations: <none>

REQP-1869#132 Warning
URAM288_CASCADE_ORDER_FIRST-NONE_tie_CAS_IN_X_low  
URAM288 core_inst/core_inst/core_pcie_inst/core_inst/stats_counter_inst/mem_reg_uram_0 has CASCADE_ORDER_B (NONE) set to FIRST or NONE, the CAS_IN_RDB_WR_B pin should be tied LOW.
Related violations: <none>

REQP-1858#1 Advisory
RAMB36E2_writefirst_collision_advisory  
Synchronous clocking is detected for BRAM (pcie4_uscale_plus_inst/inst/pcie4_uscale_plus_0_pcie_4_0_pipe_inst/pcie_4_0_bram_inst/RAM32K.bram_comp_inst/bram_16k_0_int/ECC_RAM.RAMB36E2[0].ramb36e2_inst) in SDP mode with WRITE_FIRST write-mode. It is strongly suggested to change this mode to NO_CHANGE for best power characteristics. However, both WRITE_FIRST and NO_CHANGE may exhibit address collisions if the same address appears on both read and write ports resulting in unknown or corrupted read data. It is suggested to confirm via simulation that an address collision never occurs and if so it is suggested to try and avoid this situation. If address collisions cannot be avoided, the write-mode may be set to READ_FIRST which guarantees that the read data is the prior contents of the memory at the cost of additional power in the design. See the FPGA Memory Resources User Guide for additional information.
Related violations: <none>

REQP-1858#2 Advisory
RAMB36E2_writefirst_collision_advisory  
Synchronous clocking is detected for BRAM (pcie4_uscale_plus_inst/inst/pcie4_uscale_plus_0_pcie_4_0_pipe_inst/pcie_4_0_bram_inst/RAM32K.bram_comp_inst/bram_16k_0_int/ECC_RAM.RAMB36E2[1].ramb36e2_inst) in SDP mode with WRITE_FIRST write-mode. It is strongly suggested to change this mode to NO_CHANGE for best power characteristics. However, both WRITE_FIRST and NO_CHANGE may exhibit address collisions if the same address appears on both read and write ports resulting in unknown or corrupted read data. It is suggested to confirm via simulation that an address collision never occurs and if so it is suggested to try and avoid this situation. If address collisions cannot be avoided, the write-mode may be set to READ_FIRST which guarantees that the read data is the prior contents of the memory at the cost of additional power in the design. See the FPGA Memory Resources User Guide for additional information.
Related violations: <none>

REQP-1858#3 Advisory
RAMB36E2_writefirst_collision_advisory  
Synchronous clocking is detected for BRAM (pcie4_uscale_plus_inst/inst/pcie4_uscale_plus_0_pcie_4_0_pipe_inst/pcie_4_0_bram_inst/RAM32K.bram_comp_inst/bram_16k_0_int/ECC_RAM.RAMB36E2[2].ramb36e2_inst) in SDP mode with WRITE_FIRST write-mode. It is strongly suggested to change this mode to NO_CHANGE for best power characteristics. However, both WRITE_FIRST and NO_CHANGE may exhibit address collisions if the same address appears on both read and write ports resulting in unknown or corrupted read data. It is suggested to confirm via simulation that an address collision never occurs and if so it is suggested to try and avoid this situation. If address collisions cannot be avoided, the write-mode may be set to READ_FIRST which guarantees that the read data is the prior contents of the memory at the cost of additional power in the design. See the FPGA Memory Resources User Guide for additional information.
Related violations: <none>

REQP-1858#4 Advisory
RAMB36E2_writefirst_collision_advisory  
Synchronous clocking is detected for BRAM (pcie4_uscale_plus_inst/inst/pcie4_uscale_plus_0_pcie_4_0_pipe_inst/pcie_4_0_bram_inst/RAM32K.bram_comp_inst/bram_16k_0_int/ECC_RAM.RAMB36E2[3].ramb36e2_inst) in SDP mode with WRITE_FIRST write-mode. It is strongly suggested to change this mode to NO_CHANGE for best power characteristics. However, both WRITE_FIRST and NO_CHANGE may exhibit address collisions if the same address appears on both read and write ports resulting in unknown or corrupted read data. It is suggested to confirm via simulation that an address collision never occurs and if so it is suggested to try and avoid this situation. If address collisions cannot be avoided, the write-mode may be set to READ_FIRST which guarantees that the read data is the prior contents of the memory at the cost of additional power in the design. See the FPGA Memory Resources User Guide for additional information.
Related violations: <none>

REQP-1858#5 Advisory
RAMB36E2_writefirst_collision_advisory  
Synchronous clocking is detected for BRAM (pcie4_uscale_plus_inst/inst/pcie4_uscale_plus_0_pcie_4_0_pipe_inst/pcie_4_0_bram_inst/RAM32K.bram_comp_inst/bram_16k_0_int/ECC_RAM.RAMB36E2[4].ramb36e2_inst) in SDP mode with WRITE_FIRST write-mode. It is strongly suggested to change this mode to NO_CHANGE for best power characteristics. However, both WRITE_FIRST and NO_CHANGE may exhibit address collisions if the same address appears on both read and write ports resulting in unknown or corrupted read data. It is suggested to confirm via simulation that an address collision never occurs and if so it is suggested to try and avoid this situation. If address collisions cannot be avoided, the write-mode may be set to READ_FIRST which guarantees that the read data is the prior contents of the memory at the cost of additional power in the design. See the FPGA Memory Resources User Guide for additional information.
Related violations: <none>

REQP-1858#6 Advisory
RAMB36E2_writefirst_collision_advisory  
Synchronous clocking is detected for BRAM (pcie4_uscale_plus_inst/inst/pcie4_uscale_plus_0_pcie_4_0_pipe_inst/pcie_4_0_bram_inst/RAM32K.bram_comp_inst/bram_16k_0_int/ECC_RAM.RAMB36E2[5].ramb36e2_inst) in SDP mode with WRITE_FIRST write-mode. It is strongly suggested to change this mode to NO_CHANGE for best power characteristics. However, both WRITE_FIRST and NO_CHANGE may exhibit address collisions if the same address appears on both read and write ports resulting in unknown or corrupted read data. It is suggested to confirm via simulation that an address collision never occurs and if so it is suggested to try and avoid this situation. If address collisions cannot be avoided, the write-mode may be set to READ_FIRST which guarantees that the read data is the prior contents of the memory at the cost of additional power in the design. See the FPGA Memory Resources User Guide for additional information.
Related violations: <none>

REQP-1858#7 Advisory
RAMB36E2_writefirst_collision_advisory  
Synchronous clocking is detected for BRAM (pcie4_uscale_plus_inst/inst/pcie4_uscale_plus_0_pcie_4_0_pipe_inst/pcie_4_0_bram_inst/RAM32K.bram_comp_inst/bram_16k_1_int/ECC_RAM.RAMB36E2[0].ramb36e2_inst) in SDP mode with WRITE_FIRST write-mode. It is strongly suggested to change this mode to NO_CHANGE for best power characteristics. However, both WRITE_FIRST and NO_CHANGE may exhibit address collisions if the same address appears on both read and write ports resulting in unknown or corrupted read data. It is suggested to confirm via simulation that an address collision never occurs and if so it is suggested to try and avoid this situation. If address collisions cannot be avoided, the write-mode may be set to READ_FIRST which guarantees that the read data is the prior contents of the memory at the cost of additional power in the design. See the FPGA Memory Resources User Guide for additional information.
Related violations: <none>

REQP-1858#8 Advisory
RAMB36E2_writefirst_collision_advisory  
Synchronous clocking is detected for BRAM (pcie4_uscale_plus_inst/inst/pcie4_uscale_plus_0_pcie_4_0_pipe_inst/pcie_4_0_bram_inst/RAM32K.bram_comp_inst/bram_16k_1_int/ECC_RAM.RAMB36E2[1].ramb36e2_inst) in SDP mode with WRITE_FIRST write-mode. It is strongly suggested to change this mode to NO_CHANGE for best power characteristics. However, both WRITE_FIRST and NO_CHANGE may exhibit address collisions if the same address appears on both read and write ports resulting in unknown or corrupted read data. It is suggested to confirm via simulation that an address collision never occurs and if so it is suggested to try and avoid this situation. If address collisions cannot be avoided, the write-mode may be set to READ_FIRST which guarantees that the read data is the prior contents of the memory at the cost of additional power in the design. See the FPGA Memory Resources User Guide for additional information.
Related violations: <none>

REQP-1858#9 Advisory
RAMB36E2_writefirst_collision_advisory  
Synchronous clocking is detected for BRAM (pcie4_uscale_plus_inst/inst/pcie4_uscale_plus_0_pcie_4_0_pipe_inst/pcie_4_0_bram_inst/RAM32K.bram_comp_inst/bram_16k_1_int/ECC_RAM.RAMB36E2[2].ramb36e2_inst) in SDP mode with WRITE_FIRST write-mode. It is strongly suggested to change this mode to NO_CHANGE for best power characteristics. However, both WRITE_FIRST and NO_CHANGE may exhibit address collisions if the same address appears on both read and write ports resulting in unknown or corrupted read data. It is suggested to confirm via simulation that an address collision never occurs and if so it is suggested to try and avoid this situation. If address collisions cannot be avoided, the write-mode may be set to READ_FIRST which guarantees that the read data is the prior contents of the memory at the cost of additional power in the design. See the FPGA Memory Resources User Guide for additional information.
Related violations: <none>

REQP-1858#10 Advisory
RAMB36E2_writefirst_collision_advisory  
Synchronous clocking is detected for BRAM (pcie4_uscale_plus_inst/inst/pcie4_uscale_plus_0_pcie_4_0_pipe_inst/pcie_4_0_bram_inst/RAM32K.bram_comp_inst/bram_16k_1_int/ECC_RAM.RAMB36E2[3].ramb36e2_inst) in SDP mode with WRITE_FIRST write-mode. It is strongly suggested to change this mode to NO_CHANGE for best power characteristics. However, both WRITE_FIRST and NO_CHANGE may exhibit address collisions if the same address appears on both read and write ports resulting in unknown or corrupted read data. It is suggested to confirm via simulation that an address collision never occurs and if so it is suggested to try and avoid this situation. If address collisions cannot be avoided, the write-mode may be set to READ_FIRST which guarantees that the read data is the prior contents of the memory at the cost of additional power in the design. See the FPGA Memory Resources User Guide for additional information.
Related violations: <none>

REQP-1858#11 Advisory
RAMB36E2_writefirst_collision_advisory  
Synchronous clocking is detected for BRAM (pcie4_uscale_plus_inst/inst/pcie4_uscale_plus_0_pcie_4_0_pipe_inst/pcie_4_0_bram_inst/RAM32K.bram_comp_inst/bram_16k_1_int/ECC_RAM.RAMB36E2[4].ramb36e2_inst) in SDP mode with WRITE_FIRST write-mode. It is strongly suggested to change this mode to NO_CHANGE for best power characteristics. However, both WRITE_FIRST and NO_CHANGE may exhibit address collisions if the same address appears on both read and write ports resulting in unknown or corrupted read data. It is suggested to confirm via simulation that an address collision never occurs and if so it is suggested to try and avoid this situation. If address collisions cannot be avoided, the write-mode may be set to READ_FIRST which guarantees that the read data is the prior contents of the memory at the cost of additional power in the design. See the FPGA Memory Resources User Guide for additional information.
Related violations: <none>

REQP-1858#12 Advisory
RAMB36E2_writefirst_collision_advisory  
Synchronous clocking is detected for BRAM (pcie4_uscale_plus_inst/inst/pcie4_uscale_plus_0_pcie_4_0_pipe_inst/pcie_4_0_bram_inst/RAM32K.bram_comp_inst/bram_16k_1_int/ECC_RAM.RAMB36E2[5].ramb36e2_inst) in SDP mode with WRITE_FIRST write-mode. It is strongly suggested to change this mode to NO_CHANGE for best power characteristics. However, both WRITE_FIRST and NO_CHANGE may exhibit address collisions if the same address appears on both read and write ports resulting in unknown or corrupted read data. It is suggested to confirm via simulation that an address collision never occurs and if so it is suggested to try and avoid this situation. If address collisions cannot be avoided, the write-mode may be set to READ_FIRST which guarantees that the read data is the prior contents of the memory at the cost of additional power in the design. See the FPGA Memory Resources User Guide for additional information.
Related violations: <none>

REQP-1858#13 Advisory
RAMB36E2_writefirst_collision_advisory  
Synchronous clocking is detected for BRAM (pcie4_uscale_plus_inst/inst/pcie4_uscale_plus_0_pcie_4_0_pipe_inst/pcie_4_0_bram_inst/bram_post_inst/bram_16k_int/ECC_RAM.RAMB36E2[0].ramb36e2_inst) in SDP mode with WRITE_FIRST write-mode. It is strongly suggested to change this mode to NO_CHANGE for best power characteristics. However, both WRITE_FIRST and NO_CHANGE may exhibit address collisions if the same address appears on both read and write ports resulting in unknown or corrupted read data. It is suggested to confirm via simulation that an address collision never occurs and if so it is suggested to try and avoid this situation. If address collisions cannot be avoided, the write-mode may be set to READ_FIRST which guarantees that the read data is the prior contents of the memory at the cost of additional power in the design. See the FPGA Memory Resources User Guide for additional information.
Related violations: <none>

REQP-1858#14 Advisory
RAMB36E2_writefirst_collision_advisory  
Synchronous clocking is detected for BRAM (pcie4_uscale_plus_inst/inst/pcie4_uscale_plus_0_pcie_4_0_pipe_inst/pcie_4_0_bram_inst/bram_post_inst/bram_16k_int/ECC_RAM.RAMB36E2[1].ramb36e2_inst) in SDP mode with WRITE_FIRST write-mode. It is strongly suggested to change this mode to NO_CHANGE for best power characteristics. However, both WRITE_FIRST and NO_CHANGE may exhibit address collisions if the same address appears on both read and write ports resulting in unknown or corrupted read data. It is suggested to confirm via simulation that an address collision never occurs and if so it is suggested to try and avoid this situation. If address collisions cannot be avoided, the write-mode may be set to READ_FIRST which guarantees that the read data is the prior contents of the memory at the cost of additional power in the design. See the FPGA Memory Resources User Guide for additional information.
Related violations: <none>

REQP-1858#15 Advisory
RAMB36E2_writefirst_collision_advisory  
Synchronous clocking is detected for BRAM (pcie4_uscale_plus_inst/inst/pcie4_uscale_plus_0_pcie_4_0_pipe_inst/pcie_4_0_bram_inst/bram_post_inst/bram_16k_int/ECC_RAM.RAMB36E2[2].ramb36e2_inst) in SDP mode with WRITE_FIRST write-mode. It is strongly suggested to change this mode to NO_CHANGE for best power characteristics. However, both WRITE_FIRST and NO_CHANGE may exhibit address collisions if the same address appears on both read and write ports resulting in unknown or corrupted read data. It is suggested to confirm via simulation that an address collision never occurs and if so it is suggested to try and avoid this situation. If address collisions cannot be avoided, the write-mode may be set to READ_FIRST which guarantees that the read data is the prior contents of the memory at the cost of additional power in the design. See the FPGA Memory Resources User Guide for additional information.
Related violations: <none>

REQP-1858#16 Advisory
RAMB36E2_writefirst_collision_advisory  
Synchronous clocking is detected for BRAM (pcie4_uscale_plus_inst/inst/pcie4_uscale_plus_0_pcie_4_0_pipe_inst/pcie_4_0_bram_inst/bram_post_inst/bram_16k_int/ECC_RAM.RAMB36E2[3].ramb36e2_inst) in SDP mode with WRITE_FIRST write-mode. It is strongly suggested to change this mode to NO_CHANGE for best power characteristics. However, both WRITE_FIRST and NO_CHANGE may exhibit address collisions if the same address appears on both read and write ports resulting in unknown or corrupted read data. It is suggested to confirm via simulation that an address collision never occurs and if so it is suggested to try and avoid this situation. If address collisions cannot be avoided, the write-mode may be set to READ_FIRST which guarantees that the read data is the prior contents of the memory at the cost of additional power in the design. See the FPGA Memory Resources User Guide for additional information.
Related violations: <none>

REQP-1858#17 Advisory
RAMB36E2_writefirst_collision_advisory  
Synchronous clocking is detected for BRAM (pcie4_uscale_plus_inst/inst/pcie4_uscale_plus_0_pcie_4_0_pipe_inst/pcie_4_0_bram_inst/bram_post_inst/bram_16k_int/ECC_RAM.RAMB36E2[4].ramb36e2_inst) in SDP mode with WRITE_FIRST write-mode. It is strongly suggested to change this mode to NO_CHANGE for best power characteristics. However, both WRITE_FIRST and NO_CHANGE may exhibit address collisions if the same address appears on both read and write ports resulting in unknown or corrupted read data. It is suggested to confirm via simulation that an address collision never occurs and if so it is suggested to try and avoid this situation. If address collisions cannot be avoided, the write-mode may be set to READ_FIRST which guarantees that the read data is the prior contents of the memory at the cost of additional power in the design. See the FPGA Memory Resources User Guide for additional information.
Related violations: <none>

REQP-1858#18 Advisory
RAMB36E2_writefirst_collision_advisory  
Synchronous clocking is detected for BRAM (pcie4_uscale_plus_inst/inst/pcie4_uscale_plus_0_pcie_4_0_pipe_inst/pcie_4_0_bram_inst/bram_post_inst/bram_16k_int/ECC_RAM.RAMB36E2[5].ramb36e2_inst) in SDP mode with WRITE_FIRST write-mode. It is strongly suggested to change this mode to NO_CHANGE for best power characteristics. However, both WRITE_FIRST and NO_CHANGE may exhibit address collisions if the same address appears on both read and write ports resulting in unknown or corrupted read data. It is suggested to confirm via simulation that an address collision never occurs and if so it is suggested to try and avoid this situation. If address collisions cannot be avoided, the write-mode may be set to READ_FIRST which guarantees that the read data is the prior contents of the memory at the cost of additional power in the design. See the FPGA Memory Resources User Guide for additional information.
Related violations: <none>

REQP-1858#19 Advisory
RAMB36E2_writefirst_collision_advisory  
Synchronous clocking is detected for BRAM (pcie4_uscale_plus_inst/inst/pcie4_uscale_plus_0_pcie_4_0_pipe_inst/pcie_4_0_bram_inst/bram_repl_inst/bram_rep_int_0/ECC_RAM.RAMB36E2[0].ramb36e2_inst) in SDP mode with WRITE_FIRST write-mode. It is strongly suggested to change this mode to NO_CHANGE for best power characteristics. However, both WRITE_FIRST and NO_CHANGE may exhibit address collisions if the same address appears on both read and write ports resulting in unknown or corrupted read data. It is suggested to confirm via simulation that an address collision never occurs and if so it is suggested to try and avoid this situation. If address collisions cannot be avoided, the write-mode may be set to READ_FIRST which guarantees that the read data is the prior contents of the memory at the cost of additional power in the design. See the FPGA Memory Resources User Guide for additional information.
Related violations: <none>

REQP-1858#20 Advisory
RAMB36E2_writefirst_collision_advisory  
Synchronous clocking is detected for BRAM (pcie4_uscale_plus_inst/inst/pcie4_uscale_plus_0_pcie_4_0_pipe_inst/pcie_4_0_bram_inst/bram_repl_inst/bram_rep_int_0/ECC_RAM.RAMB36E2[1].ramb36e2_inst) in SDP mode with WRITE_FIRST write-mode. It is strongly suggested to change this mode to NO_CHANGE for best power characteristics. However, both WRITE_FIRST and NO_CHANGE may exhibit address collisions if the same address appears on both read and write ports resulting in unknown or corrupted read data. It is suggested to confirm via simulation that an address collision never occurs and if so it is suggested to try and avoid this situation. If address collisions cannot be avoided, the write-mode may be set to READ_FIRST which guarantees that the read data is the prior contents of the memory at the cost of additional power in the design. See the FPGA Memory Resources User Guide for additional information.
Related violations: <none>

REQP-1858#21 Advisory
RAMB36E2_writefirst_collision_advisory  
Synchronous clocking is detected for BRAM (pcie4_uscale_plus_inst/inst/pcie4_uscale_plus_0_pcie_4_0_pipe_inst/pcie_4_0_bram_inst/bram_repl_inst/bram_rep_int_0/ECC_RAM.RAMB36E2[2].ramb36e2_inst) in SDP mode with WRITE_FIRST write-mode. It is strongly suggested to change this mode to NO_CHANGE for best power characteristics. However, both WRITE_FIRST and NO_CHANGE may exhibit address collisions if the same address appears on both read and write ports resulting in unknown or corrupted read data. It is suggested to confirm via simulation that an address collision never occurs and if so it is suggested to try and avoid this situation. If address collisions cannot be avoided, the write-mode may be set to READ_FIRST which guarantees that the read data is the prior contents of the memory at the cost of additional power in the design. See the FPGA Memory Resources User Guide for additional information.
Related violations: <none>

REQP-1858#22 Advisory
RAMB36E2_writefirst_collision_advisory  
Synchronous clocking is detected for BRAM (pcie4_uscale_plus_inst/inst/pcie4_uscale_plus_0_pcie_4_0_pipe_inst/pcie_4_0_bram_inst/bram_repl_inst/bram_rep_int_0/ECC_RAM.RAMB36E2[3].ramb36e2_inst) in SDP mode with WRITE_FIRST write-mode. It is strongly suggested to change this mode to NO_CHANGE for best power characteristics. However, both WRITE_FIRST and NO_CHANGE may exhibit address collisions if the same address appears on both read and write ports resulting in unknown or corrupted read data. It is suggested to confirm via simulation that an address collision never occurs and if so it is suggested to try and avoid this situation. If address collisions cannot be avoided, the write-mode may be set to READ_FIRST which guarantees that the read data is the prior contents of the memory at the cost of additional power in the design. See the FPGA Memory Resources User Guide for additional information.
Related violations: <none>


